1,2,5,6
3,4,7,8
21,2,45,6
33,43,7,38
12,43,5,1
,32,45,76
,,,fake