#preamble
#preamble2
#preamble3
43 12
3 9
23 48
23 94
54 93
92 12
2 43
93 43
2 44
43 1
94 32
42 55
83 29
93 2
03 12
#postamble4