1/2/5/6
3/4/7/8
34/88/1/0
/21/2/9/12
/23/428/2/1
1/4/9/33
8/22/01/4
89/34/2/9
33/1/93/21
///fake