14 65
34 9
30 23
3 11
32 71
93 7
22 11
93 3
3 4
73 83
9 55
32 20
32 01
38 9